  console.log
    ­şôğ Email Service: Configuring SMTP with Host: smtp.gmail.com, Port: 465, Secure: true

      at new EmailService (src/services/email.service.ts:10:21)

  console.log
    [2026-02-14 13:04:14] DEBUG Creating transport: nodemailer (7.0.13; +https://nodemailer.com/; SMTP/7.0.13[client:7.0.13])

      at node_modules/nodemailer/lib/shared/index.js:744:21
          at Array.forEach (<anonymous>)

node.exe : (node:2212
4) [MONGOOSE] Warning
: Duplicate schema in
dex on {"email":1} fo
und. This is often du
e to declaring an ind
ex using both "index:
 true" and "schema.in
dex()". Please remove
 the duplicate index 
definition.
At C:\Program Files\n
odejs\npx.ps1:29 char
:3
+   & $NODE_EXE $NPX_
CLI_JS $args
+   ~~~~~~~~~~~~~~~~~
~~~~~~~~~~~~
    + CategoryInfo   
           : NotSpe  
  cified: ((node:2   
 2124) [M...dex d    
efinition.:Strin    g
) [], RemoteExc    ep
tion
    + FullyQualified 
   ErrorId : Native  
  CommandError
 
(Use `node --trace-wa
rnings ...` to show w
here the warning was 
created)
FAIL tests/unit/auth.
service.test.ts
  AuthService
    login
      ÔêÜ should retu
rn token and user whe
n credentials are val
id (6 ms)
      ÔêÜ should thro
w error if user not f
ound (10 ms)
      ÔêÜ should thro
w error if password d
oes not match (1 ms)
      ÔêÜ should thro
w error if user is in
active (1 ms)
    registerCandidate
      ÔêÜ should regi
ster a new candidate 
successfully (2 ms)
      ├ù should throw
 error if email alrea
dy exists (8 ms)

  ÔùÅ AuthService ÔÇ║
 registerCandidate ÔÇ
║ should throw error 
if email already exis
ts

    expect(received).
rejects.toThrow(expec
ted)

    Expected substrin
g: "Email already exi
sts"
    Received message:
   "[
      {
        \"code\": \"t
oo_small\",
        \"minimum\": 
6,
        \"type\": \"s
tring\",
        \"inclusive\"
: true,
        \"exact\": fa
lse,
        \"message\": 
\"Password must be at
 least 6 characters\"
,
        \"path\": [
          \"password\
"
        ]
      }
    ]"

        [0m [90m 71
 |[39m
         [90m 72 |[
39m     [36masync[3
9m registerCandidate(
data[33m:[39m any) 
{
        [31m[1m>[2
2m[39m[90m 73 |[39
m         [36mconst
[39m validated [33m=
[39m [36mawait[39m
 [33mRegisterCandida
teSchema[39m[33m.[
39mparseAsync(data)[
33m;[39m
         [90m    |[
39m                  
         [31m[1m^[
22m[39m
         [90m 74 |[
39m         [36mcons
t[39m { email[33m,
[39m password[33m,[
39m firstName[33m,[
39m lastName[33m,[3
9m [33m...[39mprofi
leData } [33m=[39m 
validated[33m;[39m
         [90m 75 |[
39m
         [90m 76 |[
39m         [36mcons
t[39m existing [33m
=[39m [36mawait[39
m [36mthis[39m[33m
.[39muserRepo[33m.
[39mfindByEmail(email
)[33m;[39m[0m

      at Object.get e
rror [as error] (node
_modules/zod/v3/types
.cjs:45:31)
      at ZodObject.pa
rseAsync (node_module
s/zod/v3/types.cjs:18
3:22)
      at AuthService.
registerCandidate (sr
c/services/auth.servi
ce.ts:73:27)
      at Object.<anon
ymous> (tests/unit/au
th.service.test.ts:11
3:13)
      at Object.toThr
ow (node_modules/expe
ct/build/index.js:215
5:20)
      at Object.<anon
ymous> (tests/unit/au
th.service.test.ts:11
8:25)

Test Suites: 1 failed
, 1 total
Tests:       1 failed
, 5 passed, 6 total
Snapshots:   0 total
Time:        4.453 s,
 estimated 5 s
Ran all test suites m
atching tests/unit/au
th.service.test.ts.
Force exiting Jest: H
ave you considered us
ing `--detectOpenHand
les` to detect async 
operations that kept 
running after all tes
ts finished?
